// Jest Snapshot v1, https://goo.gl/fbAQLP

exports[`Should test Home component 1`] = `
<div>
  This is the home route
</div>
`;
